// Jest Snapshot v1, https://goo.gl/fbAQLP

exports[`Message matches the snapshot 1`] = `
<DocumentFragment>
  <div
    class="MuiSnackbar-root MuiSnackbar-anchorOriginTopCenter css-1q8jzsy-MuiSnackbar-root"
    data-testid="message-container"
    role="presentation"
  >
    <p
      class="message"
      direction="down"
      style="opacity: 1; transform: scale(1, 1); padding: 13px; transition: opacity 225ms cubic-bezier(0.4, 0, 0.2, 1) 0ms,transform 150ms cubic-bezier(0.4, 0, 0.2, 1) 0ms;"
    >
      Test
    </p>
  </div>
</DocumentFragment>
`;
